Archive member included to satisfy reference by file (symbol)

C:/Users/user/Downloads/avr8-gnu-toolchain-4.0.0.52-win32.any.x86_64/avr8-gnu-toolchain-win32_x86_64/bin/../lib/gcc/avr/15.1.0/avr6\libgcc.a(_udivmodhi4.o)
                              ./main.o (__udivmodhi4)
C:/Users/user/Downloads/avr8-gnu-toolchain-4.0.0.52-win32.any.x86_64/avr8-gnu-toolchain-win32_x86_64/bin/../lib/gcc/avr/15.1.0/avr6\libgcc.a(_exit.o)
                              C:/Users/user/Downloads/avr8-gnu-toolchain-4.0.0.52-win32.any.x86_64/avr8-gnu-toolchain-win32_x86_64/bin/../lib/gcc/avr/15.1.0/../../../../avr/lib/avr6/crtatmega2560.o (exit)
C:/Users/user/Downloads/avr8-gnu-toolchain-4.0.0.52-win32.any.x86_64/avr8-gnu-toolchain-win32_x86_64/bin/../lib/gcc/avr/15.1.0/avr6\libgcc.a(_tablejump2.o)
                              ./main.o (__tablejump2__)
C:/Users/user/Downloads/avr8-gnu-toolchain-4.0.0.52-win32.any.x86_64/avr8-gnu-toolchain-win32_x86_64/bin/../lib/gcc/avr/15.1.0/avr6\libgcc.a(_clear_bss.o)
                              ./main.o (__do_clear_bss)
C:/Users/user/Downloads/avr8-gnu-toolchain-4.0.0.52-win32.any.x86_64/avr8-gnu-toolchain-win32_x86_64/bin/../lib/gcc/avr/15.1.0/../../../../avr/lib/avr6\libc.a(itoa_ncheck.o)
                              ./main.o (__itoa_ncheck)
C:/Users/user/Downloads/avr8-gnu-toolchain-4.0.0.52-win32.any.x86_64/avr8-gnu-toolchain-win32_x86_64/bin/../lib/gcc/avr/15.1.0/../../../../avr/lib/avr6\libc.a(utoa_ncheck.o)
                              C:/Users/user/Downloads/avr8-gnu-toolchain-4.0.0.52-win32.any.x86_64/avr8-gnu-toolchain-win32_x86_64/bin/../lib/gcc/avr/15.1.0/../../../../avr/lib/avr6\libc.a(itoa_ncheck.o) (__utoa_common)
C:/Users/user/Downloads/avr8-gnu-toolchain-4.0.0.52-win32.any.x86_64/avr8-gnu-toolchain-win32_x86_64/bin/../lib/gcc/avr/15.1.0/../../../../avr/lib/avr6\libc.a(strrev.o)
                              C:/Users/user/Downloads/avr8-gnu-toolchain-4.0.0.52-win32.any.x86_64/avr8-gnu-toolchain-win32_x86_64/bin/../lib/gcc/avr/15.1.0/../../../../avr/lib/avr6\libc.a(utoa_ncheck.o) (strrev)

There are no discarded input sections

Memory Configuration

Name             Origin             Length             Attributes
text             0x00000000         0x00040000         xr
data             0x00800200         0x00002000         rw!x
eeprom           0x00810000         0x00001000         rw!x
fuse             0x00820000         0x00000003         rw!x
lock             0x00830000         0x00000400         rw!x
signature        0x00840000         0x00000400         rw!x
user_signatures  0x00850000         0x00000400         rw!x
*default*        0x00000000         0xffffffff

Linker script and memory map

Address of section .data set to 0x800200
LOAD C:/Users/user/Downloads/avr8-gnu-toolchain-4.0.0.52-win32.any.x86_64/avr8-gnu-toolchain-win32_x86_64/bin/../lib/gcc/avr/15.1.0/../../../../avr/lib/avr6/crtatmega2560.o
LOAD ./main.o
START GROUP
LOAD C:/Users/user/Downloads/avr8-gnu-toolchain-4.0.0.52-win32.any.x86_64/avr8-gnu-toolchain-win32_x86_64/bin/../lib/gcc/avr/15.1.0/avr6\libgcc.a
LOAD C:/Users/user/Downloads/avr8-gnu-toolchain-4.0.0.52-win32.any.x86_64/avr8-gnu-toolchain-win32_x86_64/bin/../lib/gcc/avr/15.1.0/../../../../avr/lib/avr6\libm.a
LOAD C:/Users/user/Downloads/avr8-gnu-toolchain-4.0.0.52-win32.any.x86_64/avr8-gnu-toolchain-win32_x86_64/bin/../lib/gcc/avr/15.1.0/../../../../avr/lib/avr6\libc.a
LOAD C:/Users/user/Downloads/avr8-gnu-toolchain-4.0.0.52-win32.any.x86_64/avr8-gnu-toolchain-win32_x86_64/bin/../lib/gcc/avr/15.1.0/../../../../avr/lib/avr6\libatmega2560.a
END GROUP
                [0x00000000]                      __TEXT_REGION_ORIGIN__ = DEFINED (__TEXT_REGION_ORIGIN__)?__TEXT_REGION_ORIGIN__:0x0
                [0x00040000]                      __TEXT_REGION_LENGTH__ = DEFINED (__TEXT_REGION_LENGTH__)?__TEXT_REGION_LENGTH__:0x100000
                [0x00800200]                      __DATA_REGION_ORIGIN__ = DEFINED (__DATA_REGION_ORIGIN__)?__DATA_REGION_ORIGIN__:0x800200
                [0x00002000]                      __DATA_REGION_LENGTH__ = DEFINED (__DATA_REGION_LENGTH__)?__DATA_REGION_LENGTH__:0xfe00
                [0x00001000]                      __EEPROM_REGION_LENGTH__ = DEFINED (__EEPROM_REGION_LENGTH__)?__EEPROM_REGION_LENGTH__:0x10000
                [0x00000003]                      __FUSE_REGION_LENGTH__ = DEFINED (__FUSE_REGION_LENGTH__)?__FUSE_REGION_LENGTH__:0x400
                0x00000400                        __LOCK_REGION_LENGTH__ = DEFINED (__LOCK_REGION_LENGTH__)?__LOCK_REGION_LENGTH__:0x400
                0x00000400                        __SIGNATURE_REGION_LENGTH__ = DEFINED (__SIGNATURE_REGION_LENGTH__)?__SIGNATURE_REGION_LENGTH__:0x400
                0x00000400                        __USER_SIGNATURE_REGION_LENGTH__ = DEFINED (__USER_SIGNATURE_REGION_LENGTH__)?__USER_SIGNATURE_REGION_LENGTH__:0x400

.hash
 *(.hash)

.dynsym
 *(.dynsym)

.dynstr
 *(.dynstr)

.gnu.version
 *(.gnu.version)

.gnu.version_d
 *(.gnu.version_d)

.gnu.version_r
 *(.gnu.version_r)

.rel.init
 *(.rel.init)

.rela.init
 *(.rela.init)

.rel.text
 *(.rel.text)
 *(.rel.text.*)
 *(.rel.gnu.linkonce.t*)

.rela.text
 *(.rela.text)
 *(.rela.text.*)
 *(.rela.gnu.linkonce.t*)

.rel.fini
 *(.rel.fini)

.rela.fini
 *(.rela.fini)

.rel.rodata
 *(.rel.rodata)
 *(.rel.rodata.*)
 *(.rel.gnu.linkonce.r*)

.rela.rodata
 *(.rela.rodata)
 *(.rela.rodata.*)
 *(.rela.gnu.linkonce.r*)

.rel.data
 *(.rel.data)
 *(.rel.data.*)
 *(.rel.gnu.linkonce.d*)

.rela.data
 *(.rela.data)
 *(.rela.data.*)
 *(.rela.gnu.linkonce.d*)

.rel.ctors
 *(.rel.ctors)

.rela.ctors
 *(.rela.ctors)

.rel.dtors
 *(.rel.dtors)

.rela.dtors
 *(.rela.dtors)

.rel.got
 *(.rel.got)

.rela.got
 *(.rela.got)

.rel.bss
 *(.rel.bss)

.rela.bss
 *(.rela.bss)

.rel.plt
 *(.rel.plt)

.rela.plt
 *(.rela.plt)

.text           0x00000000      0xc36
 *(.vectors)
 .vectors       0x00000000       0xe4 C:/Users/user/Downloads/avr8-gnu-toolchain-4.0.0.52-win32.any.x86_64/avr8-gnu-toolchain-win32_x86_64/bin/../lib/gcc/avr/15.1.0/../../../../avr/lib/avr6/crtatmega2560.o
                0x00000000                __vector_default
                0x00000000                __vectors
 *(.vectors)
 *(.progmem.gcc*)
                0x000000e4                        . = ALIGN (0x2)
                0x000000e4                        __trampolines_start = .
 *(.trampolines)
 .trampolines   0x000000e4       0x24 linker stubs
 *(.trampolines*)
                0x00000108                        __trampolines_end = .
 *libprintf_flt.a:*(.progmem.data)
 *libc.a:*(.progmem.data)
 *(.progmem.*)
                0x00000108                        . = ALIGN (0x2)
 *(.lowtext)
 *(.lowtext*)
                0x00000108                        __ctors_start = .
 *(.ctors)
                0x00000108                        __ctors_end = .
                0x00000108                        __dtors_start = .
 *(.dtors)
                0x00000108                        __dtors_end = .
 SORT_BY_NAME(*)(.ctors)
 SORT_BY_NAME(*)(.dtors)
 *(.init0)
 .init0         0x00000108        0x0 C:/Users/user/Downloads/avr8-gnu-toolchain-4.0.0.52-win32.any.x86_64/avr8-gnu-toolchain-win32_x86_64/bin/../lib/gcc/avr/15.1.0/../../../../avr/lib/avr6/crtatmega2560.o
                0x00000108                __init
 *(.init0)
 *(.init1)
 *(.init1)
 *(.init2)
 .init2         0x00000108       0x10 C:/Users/user/Downloads/avr8-gnu-toolchain-4.0.0.52-win32.any.x86_64/avr8-gnu-toolchain-win32_x86_64/bin/../lib/gcc/avr/15.1.0/../../../../avr/lib/avr6/crtatmega2560.o
 *(.init2)
 *(.init3)
 *(.init3)
 *(.init4)
 .init4         0x00000118       0x10 C:/Users/user/Downloads/avr8-gnu-toolchain-4.0.0.52-win32.any.x86_64/avr8-gnu-toolchain-win32_x86_64/bin/../lib/gcc/avr/15.1.0/avr6\libgcc.a(_clear_bss.o)
                0x00000118                __do_clear_bss
 *(.init4)
 *(.init5)
 *(.init5)
 *(.init6)
 *(.init6)
 *(.init7)
 *(.init7)
 *(.init8)
 *(.init8)
 *(.init9)
 .init9         0x00000128        0x8 C:/Users/user/Downloads/avr8-gnu-toolchain-4.0.0.52-win32.any.x86_64/avr8-gnu-toolchain-win32_x86_64/bin/../lib/gcc/avr/15.1.0/../../../../avr/lib/avr6/crtatmega2560.o
 *(.init9)
 *(.text)
 .text          0x00000130        0x4 C:/Users/user/Downloads/avr8-gnu-toolchain-4.0.0.52-win32.any.x86_64/avr8-gnu-toolchain-win32_x86_64/bin/../lib/gcc/avr/15.1.0/../../../../avr/lib/avr6/crtatmega2560.o
                0x00000130                __vector_38
                0x00000130                __vector_22
                0x00000130                __vector_28
                0x00000130                __vector_1
                0x00000130                __vector_32
                0x00000130                __vector_34
                0x00000130                __vector_24
                0x00000130                __vector_12
                0x00000130                __vector_55
                0x00000130                __vector_46
                0x00000130                __bad_interrupt
                0x00000130                __vector_31
                0x00000130                __vector_35
                0x00000130                __vector_39
                0x00000130                __vector_3
                0x00000130                __vector_23
                0x00000130                __vector_30
                0x00000130                __vector_45
                0x00000130                __vector_11
                0x00000130                __vector_54
                0x00000130                __vector_13
                0x00000130                __vector_17
                0x00000130                __vector_19
                0x00000130                __vector_56
                0x00000130                __vector_7
                0x00000130                __vector_49
                0x00000130                __vector_41
                0x00000130                __vector_43
                0x00000130                __vector_27
                0x00000130                __vector_33
                0x00000130                __vector_47
                0x00000130                __vector_52
                0x00000130                __vector_37
                0x00000130                __vector_4
                0x00000130                __vector_44
                0x00000130                __vector_51
                0x00000130                __vector_9
                0x00000130                __vector_2
                0x00000130                __vector_21
                0x00000130                __vector_15
                0x00000130                __vector_36
                0x00000130                __vector_29
                0x00000130                __vector_40
                0x00000130                __vector_8
                0x00000130                __vector_26
                0x00000130                __vector_48
                0x00000130                __vector_14
                0x00000130                __vector_53
                0x00000130                __vector_10
                0x00000130                __vector_50
                0x00000130                __vector_16
                0x00000130                __vector_18
                0x00000130                __vector_20
                0x00000130                __vector_42
 .text          0x00000134        0x0 ./main.o
 .text          0x00000134        0x0 C:/Users/user/Downloads/avr8-gnu-toolchain-4.0.0.52-win32.any.x86_64/avr8-gnu-toolchain-win32_x86_64/bin/../lib/gcc/avr/15.1.0/avr6\libgcc.a(_udivmodhi4.o)
 .text          0x00000134        0x0 C:/Users/user/Downloads/avr8-gnu-toolchain-4.0.0.52-win32.any.x86_64/avr8-gnu-toolchain-win32_x86_64/bin/../lib/gcc/avr/15.1.0/avr6\libgcc.a(_exit.o)
 .text          0x00000134        0x0 C:/Users/user/Downloads/avr8-gnu-toolchain-4.0.0.52-win32.any.x86_64/avr8-gnu-toolchain-win32_x86_64/bin/../lib/gcc/avr/15.1.0/avr6\libgcc.a(_tablejump2.o)
 .text          0x00000134        0x0 C:/Users/user/Downloads/avr8-gnu-toolchain-4.0.0.52-win32.any.x86_64/avr8-gnu-toolchain-win32_x86_64/bin/../lib/gcc/avr/15.1.0/avr6\libgcc.a(_clear_bss.o)
 .text          0x00000134        0x0 C:/Users/user/Downloads/avr8-gnu-toolchain-4.0.0.52-win32.any.x86_64/avr8-gnu-toolchain-win32_x86_64/bin/../lib/gcc/avr/15.1.0/../../../../avr/lib/avr6\libc.a(itoa_ncheck.o)
 .text          0x00000134        0x0 C:/Users/user/Downloads/avr8-gnu-toolchain-4.0.0.52-win32.any.x86_64/avr8-gnu-toolchain-win32_x86_64/bin/../lib/gcc/avr/15.1.0/../../../../avr/lib/avr6\libc.a(utoa_ncheck.o)
 .text          0x00000134        0x0 C:/Users/user/Downloads/avr8-gnu-toolchain-4.0.0.52-win32.any.x86_64/avr8-gnu-toolchain-win32_x86_64/bin/../lib/gcc/avr/15.1.0/../../../../avr/lib/avr6\libc.a(strrev.o)
                0x00000134                        . = ALIGN (0x2)
 *(.text.*)
 .text.InitLCD  0x00000134       0xec ./main.o
                0x00000134                InitLCD
 .text.WrIn     0x00000220       0x8e ./main.o
                0x00000220                WrIn
 .text.WrDa     0x000002ae       0x92 ./main.o
                0x000002ae                WrDa
 .text.Keyb     0x00000340      0x29a ./main.o
                0x00000340                Keyb
 .text.SeCu     0x000005da        0x6 ./main.o
                0x000005da                SeCu
 .text.InitROT  0x000005e0       0x26 ./main.o
                0x000005e0                InitROT
 .text.__vector_5
                0x00000606       0x40 ./main.o
                0x00000606                __vector_5
 .text.__vector_6
                0x00000646       0x40 ./main.o
                0x00000646                __vector_6
 .text.DHT22    0x00000686       0xce ./main.o
                0x00000686                DHT22
 .text.printData
                0x00000754      0x19a ./main.o
                0x00000754                printData
 .text.InitADC  0x000008ee       0x18 ./main.o
                0x000008ee                InitADC
 .text.GetADC   0x00000906      0x14a ./main.o
                0x00000906                GetADC
 .text.USART_Init
                0x00000a50       0x10 ./main.o
                0x00000a50                USART_Init
 .text.USART_Transmit
                0x00000a60        0xe ./main.o
                0x00000a60                USART_Transmit
 .text.USART_Receive
                0x00000a6e        0xe ./main.o
                0x00000a6e                USART_Receive
 .text.__vector_25
                0x00000a7c       0x54 ./main.o
                0x00000a7c                __vector_25
 .text.PWM0_init
                0x00000ad0       0x16 ./main.o
                0x00000ad0                PWM0_init
 .text.startup.main
                0x00000ae6       0x7a ./main.o
                0x00000ae6                main
 .text.libgcc.mul
                0x00000b60        0x0 C:/Users/user/Downloads/avr8-gnu-toolchain-4.0.0.52-win32.any.x86_64/avr8-gnu-toolchain-win32_x86_64/bin/../lib/gcc/avr/15.1.0/avr6\libgcc.a(_udivmodhi4.o)
 .text.libgcc.div
                0x00000b60       0x28 C:/Users/user/Downloads/avr8-gnu-toolchain-4.0.0.52-win32.any.x86_64/avr8-gnu-toolchain-win32_x86_64/bin/../lib/gcc/avr/15.1.0/avr6\libgcc.a(_udivmodhi4.o)
                0x00000b60                __udivmodhi4
 .text.libgcc   0x00000b88        0x0 C:/Users/user/Downloads/avr8-gnu-toolchain-4.0.0.52-win32.any.x86_64/avr8-gnu-toolchain-win32_x86_64/bin/../lib/gcc/avr/15.1.0/avr6\libgcc.a(_udivmodhi4.o)
 .text.libgcc.prologue
                0x00000b88        0x0 C:/Users/user/Downloads/avr8-gnu-toolchain-4.0.0.52-win32.any.x86_64/avr8-gnu-toolchain-win32_x86_64/bin/../lib/gcc/avr/15.1.0/avr6\libgcc.a(_udivmodhi4.o)
 .text.libgcc.builtins
                0x00000b88        0x0 C:/Users/user/Downloads/avr8-gnu-toolchain-4.0.0.52-win32.any.x86_64/avr8-gnu-toolchain-win32_x86_64/bin/../lib/gcc/avr/15.1.0/avr6\libgcc.a(_udivmodhi4.o)
 .text.libgcc.fmul
                0x00000b88        0x0 C:/Users/user/Downloads/avr8-gnu-toolchain-4.0.0.52-win32.any.x86_64/avr8-gnu-toolchain-win32_x86_64/bin/../lib/gcc/avr/15.1.0/avr6\libgcc.a(_udivmodhi4.o)
 .text.libgcc.fixed
                0x00000b88        0x0 C:/Users/user/Downloads/avr8-gnu-toolchain-4.0.0.52-win32.any.x86_64/avr8-gnu-toolchain-win32_x86_64/bin/../lib/gcc/avr/15.1.0/avr6\libgcc.a(_udivmodhi4.o)
 .text.libgcc.mul
                0x00000b88        0x0 C:/Users/user/Downloads/avr8-gnu-toolchain-4.0.0.52-win32.any.x86_64/avr8-gnu-toolchain-win32_x86_64/bin/../lib/gcc/avr/15.1.0/avr6\libgcc.a(_exit.o)
 .text.libgcc.div
                0x00000b88        0x0 C:/Users/user/Downloads/avr8-gnu-toolchain-4.0.0.52-win32.any.x86_64/avr8-gnu-toolchain-win32_x86_64/bin/../lib/gcc/avr/15.1.0/avr6\libgcc.a(_exit.o)
 .text.libgcc   0x00000b88        0x0 C:/Users/user/Downloads/avr8-gnu-toolchain-4.0.0.52-win32.any.x86_64/avr8-gnu-toolchain-win32_x86_64/bin/../lib/gcc/avr/15.1.0/avr6\libgcc.a(_exit.o)
 .text.libgcc.prologue
                0x00000b88        0x0 C:/Users/user/Downloads/avr8-gnu-toolchain-4.0.0.52-win32.any.x86_64/avr8-gnu-toolchain-win32_x86_64/bin/../lib/gcc/avr/15.1.0/avr6\libgcc.a(_exit.o)
 .text.libgcc.builtins
                0x00000b88        0x0 C:/Users/user/Downloads/avr8-gnu-toolchain-4.0.0.52-win32.any.x86_64/avr8-gnu-toolchain-win32_x86_64/bin/../lib/gcc/avr/15.1.0/avr6\libgcc.a(_exit.o)
 .text.libgcc.fmul
                0x00000b88        0x0 C:/Users/user/Downloads/avr8-gnu-toolchain-4.0.0.52-win32.any.x86_64/avr8-gnu-toolchain-win32_x86_64/bin/../lib/gcc/avr/15.1.0/avr6\libgcc.a(_exit.o)
 .text.libgcc.fixed
                0x00000b88        0x0 C:/Users/user/Downloads/avr8-gnu-toolchain-4.0.0.52-win32.any.x86_64/avr8-gnu-toolchain-win32_x86_64/bin/../lib/gcc/avr/15.1.0/avr6\libgcc.a(_exit.o)
 .text.libgcc.mul
                0x00000b88        0x0 C:/Users/user/Downloads/avr8-gnu-toolchain-4.0.0.52-win32.any.x86_64/avr8-gnu-toolchain-win32_x86_64/bin/../lib/gcc/avr/15.1.0/avr6\libgcc.a(_tablejump2.o)
 .text.libgcc.div
                0x00000b88        0x0 C:/Users/user/Downloads/avr8-gnu-toolchain-4.0.0.52-win32.any.x86_64/avr8-gnu-toolchain-win32_x86_64/bin/../lib/gcc/avr/15.1.0/avr6\libgcc.a(_tablejump2.o)
 .text.libgcc   0x00000b88       0x10 C:/Users/user/Downloads/avr8-gnu-toolchain-4.0.0.52-win32.any.x86_64/avr8-gnu-toolchain-win32_x86_64/bin/../lib/gcc/avr/15.1.0/avr6\libgcc.a(_tablejump2.o)
                0x00000b88                __tablejump2__
 .text.libgcc.prologue
                0x00000b98        0x0 C:/Users/user/Downloads/avr8-gnu-toolchain-4.0.0.52-win32.any.x86_64/avr8-gnu-toolchain-win32_x86_64/bin/../lib/gcc/avr/15.1.0/avr6\libgcc.a(_tablejump2.o)
 .text.libgcc.builtins
                0x00000b98        0x0 C:/Users/user/Downloads/avr8-gnu-toolchain-4.0.0.52-win32.any.x86_64/avr8-gnu-toolchain-win32_x86_64/bin/../lib/gcc/avr/15.1.0/avr6\libgcc.a(_tablejump2.o)
 .text.libgcc.fmul
                0x00000b98        0x0 C:/Users/user/Downloads/avr8-gnu-toolchain-4.0.0.52-win32.any.x86_64/avr8-gnu-toolchain-win32_x86_64/bin/../lib/gcc/avr/15.1.0/avr6\libgcc.a(_tablejump2.o)
 .text.libgcc.fixed
                0x00000b98        0x0 C:/Users/user/Downloads/avr8-gnu-toolchain-4.0.0.52-win32.any.x86_64/avr8-gnu-toolchain-win32_x86_64/bin/../lib/gcc/avr/15.1.0/avr6\libgcc.a(_tablejump2.o)
 .text.libgcc.mul
                0x00000b98        0x0 C:/Users/user/Downloads/avr8-gnu-toolchain-4.0.0.52-win32.any.x86_64/avr8-gnu-toolchain-win32_x86_64/bin/../lib/gcc/avr/15.1.0/avr6\libgcc.a(_clear_bss.o)
 .text.libgcc.div
                0x00000b98        0x0 C:/Users/user/Downloads/avr8-gnu-toolchain-4.0.0.52-win32.any.x86_64/avr8-gnu-toolchain-win32_x86_64/bin/../lib/gcc/avr/15.1.0/avr6\libgcc.a(_clear_bss.o)
 .text.libgcc   0x00000b98        0x0 C:/Users/user/Downloads/avr8-gnu-toolchain-4.0.0.52-win32.any.x86_64/avr8-gnu-toolchain-win32_x86_64/bin/../lib/gcc/avr/15.1.0/avr6\libgcc.a(_clear_bss.o)
 .text.libgcc.prologue
                0x00000b98        0x0 C:/Users/user/Downloads/avr8-gnu-toolchain-4.0.0.52-win32.any.x86_64/avr8-gnu-toolchain-win32_x86_64/bin/../lib/gcc/avr/15.1.0/avr6\libgcc.a(_clear_bss.o)
 .text.libgcc.builtins
                0x00000b98        0x0 C:/Users/user/Downloads/avr8-gnu-toolchain-4.0.0.52-win32.any.x86_64/avr8-gnu-toolchain-win32_x86_64/bin/../lib/gcc/avr/15.1.0/avr6\libgcc.a(_clear_bss.o)
 .text.libgcc.fmul
                0x00000b98        0x0 C:/Users/user/Downloads/avr8-gnu-toolchain-4.0.0.52-win32.any.x86_64/avr8-gnu-toolchain-win32_x86_64/bin/../lib/gcc/avr/15.1.0/avr6\libgcc.a(_clear_bss.o)
 .text.libgcc.fixed
                0x00000b98        0x0 C:/Users/user/Downloads/avr8-gnu-toolchain-4.0.0.52-win32.any.x86_64/avr8-gnu-toolchain-win32_x86_64/bin/../lib/gcc/avr/15.1.0/avr6\libgcc.a(_clear_bss.o)
 .text.avr-libc
                0x00000b98       0x16 C:/Users/user/Downloads/avr8-gnu-toolchain-4.0.0.52-win32.any.x86_64/avr8-gnu-toolchain-win32_x86_64/bin/../lib/gcc/avr/15.1.0/../../../../avr/lib/avr6\libc.a(itoa_ncheck.o)
                0x00000b98                __itoa_ncheck
 .text.avr-libc
                0x00000bae       0x34 C:/Users/user/Downloads/avr8-gnu-toolchain-4.0.0.52-win32.any.x86_64/avr8-gnu-toolchain-win32_x86_64/bin/../lib/gcc/avr/15.1.0/../../../../avr/lib/avr6\libc.a(utoa_ncheck.o)
                0x00000bae                __utoa_ncheck
                0x00000bb0                __utoa_common
 .text.avr-libc
                0x00000be2       0x20 C:/Users/user/Downloads/avr8-gnu-toolchain-4.0.0.52-win32.any.x86_64/avr8-gnu-toolchain-win32_x86_64/bin/../lib/gcc/avr/15.1.0/../../../../avr/lib/avr6\libc.a(strrev.o)
                0x00000be2                strrev
                0x00000c02                        . = ALIGN (0x2)
 *(.fini9)
 .fini9         0x00000c02        0x0 C:/Users/user/Downloads/avr8-gnu-toolchain-4.0.0.52-win32.any.x86_64/avr8-gnu-toolchain-win32_x86_64/bin/../lib/gcc/avr/15.1.0/avr6\libgcc.a(_exit.o)
                0x00000c02                _exit
                0x00000c02                exit
 *(.fini9)
 *(.fini8)
 *(.fini8)
 *(.fini7)
 *(.fini7)
 *(.fini6)
 *(.fini6)
 *(.fini5)
 *(.fini5)
 *(.fini4)
 *(.fini4)
 *(.fini3)
 *(.fini3)
 *(.fini2)
 *(.fini2)
 *(.fini1)
 *(.fini1)
 *(.fini0)
 .fini0         0x00000c02        0x4 C:/Users/user/Downloads/avr8-gnu-toolchain-4.0.0.52-win32.any.x86_64/avr8-gnu-toolchain-win32_x86_64/bin/../lib/gcc/avr/15.1.0/avr6\libgcc.a(_exit.o)
 *(.fini0)
 *(.hightext)
 *(.hightext*)
 *(.progmemx.*)
                0x00000c06                        . = ALIGN (0x2)
 *(.jumptables)
 *(.jumptables*)
 .jumptables.gcc.Keyb
                0x00000c06       0x30 ./main.o
                0x00000c36                        _etext = .

.data           0x00800200        0x0 load address 0x00000c36
                [!provide]                        PROVIDE (__data_start = .)
 *(.data)
 .data          0x00800200        0x0 C:/Users/user/Downloads/avr8-gnu-toolchain-4.0.0.52-win32.any.x86_64/avr8-gnu-toolchain-win32_x86_64/bin/../lib/gcc/avr/15.1.0/../../../../avr/lib/avr6/crtatmega2560.o
 .data          0x00800200        0x0 ./main.o
 .data          0x00800200        0x0 C:/Users/user/Downloads/avr8-gnu-toolchain-4.0.0.52-win32.any.x86_64/avr8-gnu-toolchain-win32_x86_64/bin/../lib/gcc/avr/15.1.0/avr6\libgcc.a(_udivmodhi4.o)
 .data          0x00800200        0x0 C:/Users/user/Downloads/avr8-gnu-toolchain-4.0.0.52-win32.any.x86_64/avr8-gnu-toolchain-win32_x86_64/bin/../lib/gcc/avr/15.1.0/avr6\libgcc.a(_exit.o)
 .data          0x00800200        0x0 C:/Users/user/Downloads/avr8-gnu-toolchain-4.0.0.52-win32.any.x86_64/avr8-gnu-toolchain-win32_x86_64/bin/../lib/gcc/avr/15.1.0/avr6\libgcc.a(_tablejump2.o)
 .data          0x00800200        0x0 C:/Users/user/Downloads/avr8-gnu-toolchain-4.0.0.52-win32.any.x86_64/avr8-gnu-toolchain-win32_x86_64/bin/../lib/gcc/avr/15.1.0/avr6\libgcc.a(_clear_bss.o)
 .data          0x00800200        0x0 C:/Users/user/Downloads/avr8-gnu-toolchain-4.0.0.52-win32.any.x86_64/avr8-gnu-toolchain-win32_x86_64/bin/../lib/gcc/avr/15.1.0/../../../../avr/lib/avr6\libc.a(itoa_ncheck.o)
 .data          0x00800200        0x0 C:/Users/user/Downloads/avr8-gnu-toolchain-4.0.0.52-win32.any.x86_64/avr8-gnu-toolchain-win32_x86_64/bin/../lib/gcc/avr/15.1.0/../../../../avr/lib/avr6\libc.a(utoa_ncheck.o)
 .data          0x00800200        0x0 C:/Users/user/Downloads/avr8-gnu-toolchain-4.0.0.52-win32.any.x86_64/avr8-gnu-toolchain-win32_x86_64/bin/../lib/gcc/avr/15.1.0/../../../../avr/lib/avr6\libc.a(strrev.o)
 *(.data*)
 *(.gnu.linkonce.d*)
 *(.rodata)
 *(.rodata*)
 *(.gnu.linkonce.r*)
                0x00800200                        . = ALIGN (0x2)
                0x00800200                        _edata = .
                [!provide]                        PROVIDE (__data_end = .)

.bss            0x00800200       0x18
                0x00800200                        PROVIDE (__bss_start = .)
 *(.bss)
 .bss           0x00800200        0x0 C:/Users/user/Downloads/avr8-gnu-toolchain-4.0.0.52-win32.any.x86_64/avr8-gnu-toolchain-win32_x86_64/bin/../lib/gcc/avr/15.1.0/../../../../avr/lib/avr6/crtatmega2560.o
 .bss           0x00800200        0x0 ./main.o
 .bss           0x00800200        0x0 C:/Users/user/Downloads/avr8-gnu-toolchain-4.0.0.52-win32.any.x86_64/avr8-gnu-toolchain-win32_x86_64/bin/../lib/gcc/avr/15.1.0/avr6\libgcc.a(_udivmodhi4.o)
 .bss           0x00800200        0x0 C:/Users/user/Downloads/avr8-gnu-toolchain-4.0.0.52-win32.any.x86_64/avr8-gnu-toolchain-win32_x86_64/bin/../lib/gcc/avr/15.1.0/avr6\libgcc.a(_exit.o)
 .bss           0x00800200        0x0 C:/Users/user/Downloads/avr8-gnu-toolchain-4.0.0.52-win32.any.x86_64/avr8-gnu-toolchain-win32_x86_64/bin/../lib/gcc/avr/15.1.0/avr6\libgcc.a(_tablejump2.o)
 .bss           0x00800200        0x0 C:/Users/user/Downloads/avr8-gnu-toolchain-4.0.0.52-win32.any.x86_64/avr8-gnu-toolchain-win32_x86_64/bin/../lib/gcc/avr/15.1.0/avr6\libgcc.a(_clear_bss.o)
 .bss           0x00800200        0x0 C:/Users/user/Downloads/avr8-gnu-toolchain-4.0.0.52-win32.any.x86_64/avr8-gnu-toolchain-win32_x86_64/bin/../lib/gcc/avr/15.1.0/../../../../avr/lib/avr6\libc.a(itoa_ncheck.o)
 .bss           0x00800200        0x0 C:/Users/user/Downloads/avr8-gnu-toolchain-4.0.0.52-win32.any.x86_64/avr8-gnu-toolchain-win32_x86_64/bin/../lib/gcc/avr/15.1.0/../../../../avr/lib/avr6\libc.a(utoa_ncheck.o)
 .bss           0x00800200        0x0 C:/Users/user/Downloads/avr8-gnu-toolchain-4.0.0.52-win32.any.x86_64/avr8-gnu-toolchain-win32_x86_64/bin/../lib/gcc/avr/15.1.0/../../../../avr/lib/avr6\libc.a(strrev.o)
 *(.bss*)
 .bss.rvdata    0x00800200        0x1 ./main.o
                0x00800200                rvdata
 .bss.trdata    0x00800201        0x1 ./main.o
                0x00800201                trdata
 .bss.Adc_result_5V
                0x00800202        0x2 ./main.o
                0x00800202                Adc_result_5V
 .bss.AdcOut1_multiply_100
                0x00800204        0x2 ./main.o
                0x00800204                AdcOut1_multiply_100
 .bss.AdcOut1   0x00800206        0x1 ./main.o
                0x00800206                AdcOut1
 .bss.tmp       0x00800207        0x2 ./main.o
                0x00800207                tmp
 .bss.hum       0x00800209        0x2 ./main.o
                0x00800209                hum
 .bss.rdf       0x0080020b        0x1 ./main.o
                0x0080020b                rdf
 .bss.dhtreg    0x0080020c        0x5 ./main.o
                0x0080020c                dhtreg
 .bss.lastB     0x00800211        0x1 ./main.o
                0x00800211                lastB
 .bss.lastA     0x00800212        0x1 ./main.o
                0x00800212                lastA
 .bss.i1        0x00800213        0x1 ./main.o
                0x00800213                i1
 .bss.count     0x00800214        0x1 ./main.o
                0x00800214                count
 .bss.data      0x00800215        0x1 ./main.o
                0x00800215                data
 .bss.line      0x00800216        0x1 ./main.o
                0x00800216                line
 .bss.out       0x00800217        0x1 ./main.o
                0x00800217                out
 *(COMMON)
                0x00800218                        PROVIDE (__bss_end = .)
                0x00000c36                        __data_load_start = LOADADDR (.data)
                0x00000c36                        __data_load_end = (__data_load_start + SIZEOF (.data))

.noinit         0x00800218        0x0
                [!provide]                        PROVIDE (__noinit_start = .)
 *(.noinit .noinit.* .gnu.linkonce.n.*)
                [!provide]                        PROVIDE (__noinit_end = .)
                0x00800218                        _end = .
                [!provide]                        PROVIDE (__heap_start = .)
                0x00000000                        __flmap_init_label = DEFINED (__flmap_noinit_start)?__flmap_noinit_start:0x0
                0x00000000                        __flmap = DEFINED (__flmap)?__flmap:0x0

.eeprom         0x00810000        0x0
 *(.eeprom*)
                0x00810000                        __eeprom_end = .

.fuse
 *(.fuse)
 *(.lfuse)
 *(.hfuse)
 *(.efuse)

.lock
 *(.lock*)

.signature
 *(.signature*)

.stab
 *(.stab)

.stabstr
 *(.stabstr)

.stab.excl
 *(.stab.excl)

.stab.exclstr
 *(.stab.exclstr)

.stab.index
 *(.stab.index)

.stab.indexstr
 *(.stab.indexstr)

.comment        0x00000000       0x2f
 *(.comment)
 .comment       0x00000000       0x2f ./main.o
                                 0x30 (size before relaxing)

.note.gnu.avr.deviceinfo
                0x00000000       0x40
 .note.gnu.avr.deviceinfo
                0x00000000       0x40 C:/Users/user/Downloads/avr8-gnu-toolchain-4.0.0.52-win32.any.x86_64/avr8-gnu-toolchain-win32_x86_64/bin/../lib/gcc/avr/15.1.0/../../../../avr/lib/avr6/crtatmega2560.o

.gnu.build.attributes
 *(.gnu.build.attributes .gnu.build.attributes.*)

.note.gnu.build-id
 *(.note.gnu.build-id)

.debug
 *(.debug)

.line
 *(.line)

.debug_srcinfo
 *(.debug_srcinfo)

.debug_sfnames
 *(.debug_sfnames)

.debug_aranges  0x00000000       0xa8
 *(.debug_aranges)
 .debug_aranges
                0x00000000       0xa8 ./main.o

.debug_pubnames
 *(.debug_pubnames)

.debug_info     0x00000000     0x225b
 *(.debug_info .gnu.linkonce.wi.*)
 .debug_info    0x00000000      0xbbc C:/Users/user/Downloads/avr8-gnu-toolchain-4.0.0.52-win32.any.x86_64/avr8-gnu-toolchain-win32_x86_64/bin/../lib/gcc/avr/15.1.0/../../../../avr/lib/avr6/crtatmega2560.o
 .debug_info    0x00000bbc     0x169f ./main.o

.debug_abbrev   0x00000000      0xe52
 *(.debug_abbrev)
 .debug_abbrev  0x00000000      0xb1a C:/Users/user/Downloads/avr8-gnu-toolchain-4.0.0.52-win32.any.x86_64/avr8-gnu-toolchain-win32_x86_64/bin/../lib/gcc/avr/15.1.0/../../../../avr/lib/avr6/crtatmega2560.o
 .debug_abbrev  0x00000b1a      0x338 ./main.o

.debug_line     0x00000000     0x21e8
 *(.debug_line .debug_line.* .debug_line_end)
 .debug_line    0x00000000       0x1d C:/Users/user/Downloads/avr8-gnu-toolchain-4.0.0.52-win32.any.x86_64/avr8-gnu-toolchain-win32_x86_64/bin/../lib/gcc/avr/15.1.0/../../../../avr/lib/avr6/crtatmega2560.o
 .debug_line    0x0000001d     0x21cb ./main.o

.debug_frame    0x00000000      0x1ec
 *(.debug_frame)
 .debug_frame   0x00000000      0x1ec ./main.o

.debug_str      0x00000000      0x69b
 *(.debug_str)
 .debug_str     0x00000000      0x3e6 C:/Users/user/Downloads/avr8-gnu-toolchain-4.0.0.52-win32.any.x86_64/avr8-gnu-toolchain-win32_x86_64/bin/../lib/gcc/avr/15.1.0/../../../../avr/lib/avr6/crtatmega2560.o
 .debug_str     0x000003e6      0x2b5 ./main.o
                                0x300 (size before relaxing)

.debug_loc
 *(.debug_loc)

.debug_macinfo
 *(.debug_macinfo)

.debug_weaknames
 *(.debug_weaknames)

.debug_funcnames
 *(.debug_funcnames)

.debug_typenames
 *(.debug_typenames)

.debug_varnames
 *(.debug_varnames)

.debug_pubtypes
 *(.debug_pubtypes)

.debug_ranges
 *(.debug_ranges)

.debug_addr
 *(.debug_addr)

.debug_line_str
                0x00000000      0x216
 *(.debug_line_str)
 .debug_line_str
                0x00000000      0x216 ./main.o
                                0x262 (size before relaxing)

.debug_loclists
                0x00000000      0x95b
 *(.debug_loclists)
 .debug_loclists
                0x00000000      0x95b ./main.o

.debug_macro
 *(.debug_macro)

.debug_names
 *(.debug_names)

.debug_rnglists
                0x00000000       0xc8
 *(.debug_rnglists)
 .debug_rnglists
                0x00000000       0xc8 ./main.o

.debug_str_offsets
 *(.debug_str_offsets)

.debug_sup
 *(.debug_sup)
OUTPUT(test-final.elf elf32-avr)
LOAD linker stubs
